---
source: src/engine.rs
expression: result_string
---
  File "/opt/conda/envs/py_3.10/lib/python3.10/site-packages/transformers/configuration_utils.py", line 689, in _get_config_dict
    resolved_config_file = cached_file(
  File "/opt/conda/envs/py_3.10/lib/python3.10/site-packages/transformers/utils/hub.py", line 442, in cached_file
    raise EnvironmentError(
OSError: We couldn't connect to 'https://huggingface.co' to load this file, couldn't find it in the cached files and it looks like t5-small is not the path to a directory containing a file named config.json.
Checkout your internet connection or see how to run the library in offline mode at 'https://huggingface.co/docs/transformers/installation#offline-mode'.
+ cleanup_workspace
+ echo 'sudo may print the following warning message that can be ignored. The chown command will still run.'
sudo may print the following warning message that can be ignored. The chown command will still run.
